[author] Florian Zettelmeyer: 2/2
[author] Randall A. Lewis: 1/1
[author] Brett R. Gordon: 5/5
[author] Robert Moakler: 2/2
[author] Johannes Hermle: 1/3
[author] Cristobal Garib: 2/2
[author] Sishuo Chen: 6/6
[author] Zhangming Chan: 19/19
[author] Xiang-Rong Sheng: 17/17
[author] Han Zhu: 4/50
[author] Jian Xu: 5/50
[author] Bo Zheng: 6/50
[author] Aiyou Chen: 0/2
[author] Nicolas Remy: 0/2
[author] Marco Longfils: 0/0
[author] Dinah Shender: 0/0
[author] Stephanie Sapp: 0/0
[author] Jon Vaver: 0/0
[author] Mukund Sundararajan: 0/1
[author] Badih Ghazi: 1/3
[author] Pasin Manurangsi: 2/21
[author] Lorne Applebaum: 2/2
[author] Claudio Gentile: 0/3
[author] Robert Busa-Fekete: 0/3
[author] Xiangyu Zeng: 3/11
[author] Amit Jaspal: 7/7
[author] Julian Runge: 4/6
[author] Ritwik Sinha: 11/17
[author] David Arbour: 9/14
[author] Eustache Diemert: 0/7
[author] Damien Lefortier: 0/0
[author] Ruihuan Du: 0/2
[author] Harikesh S. Nair: 0/0
[author] Dongdong Yang: 1/5
[author] Weinan Zhang: 12/50
[author] Kan Ren: 8/14
[author] Jun Wang: 6/50
[author] Di Yao: 1/11
[author] Chang Gong: 2/29
[author] Jingping Bi: 0/3
[author] Liping Jing: 1/12
[author] Sachin Kumar: 0/37
[author] Balaraman Ravindran: 5/25
[author] Susan Athey: 11/19
[author] Stefan Wager: 9/20
[author] Xinkun Nie: 0/0
[author] Foster Provost: 4/8
[author] Brian Dalessandro: 1/8
[author] Claudia Perlich: 0/1
[author] Yixuan An: 6/39
[author] Zihe Wang: 5/27
[author] Yingfei Wang: 1/14
[author] Eva Anderl: 0/1
[author] Kaifeng Zhao: 1/6
[author] Elisenda Molina: 2/6
[author] Victor Churchill: 0/2
[author] Ioannis Tsamardinos: 9/19
[author] Qingpeng Cai: 20/28
[author] Shuchang Liu: 15/18
[author] Kun Gai: 31/50
[author] Peng Jiang: 2/32
[author] Xiangyu Zhao: 26/50
[arxiv-author] Florian Zettelmeyer: 1/1
[arxiv-author] Randall A. Lewis: 1/1
[arxiv-author] Brett R. Gordon: 2/2
[arxiv-author] Robert Moakler: 1/1
[arxiv-author] Johannes Hermle: 1/1
[arxiv-author] Cristobal Garib: 2/2
[arxiv-author] Xiang-Rong Sheng: 9/9
[arxiv-author] Bo Zheng: 19/40
[arxiv-author] Marco Longfils: 1/1
[arxiv-author] Dinah Shender: 0/0
[arxiv-author] Jon Vaver: 0/0
[arxiv-author] Mukund Sundararajan: 4/35
[arxiv-author] Badih Ghazi: 1/14
[arxiv-author] Pasin Manurangsi: 2/36
[arxiv-author] Lorne Applebaum: 3/11
[arxiv-author] Claudio Gentile: 3/40
[arxiv-author] Robert Busa-Fekete: 1/8
[arxiv-author] Amit Jaspal: 5/6
[arxiv-author] Julian Runge: 1/1
[arxiv-author] Rohan Arava: 0/0
[arxiv-author] Ritwik Sinha: 5/7
[arxiv-author] David Arbour: 10/12
[arxiv-author] Eustache Diemert: 1/2
[arxiv-author] Damien Lefortier: 0/0
[arxiv-author] Harikesh S. Nair: 0/0
[arxiv-author] Weinan Zhang: 13/40
[arxiv-author] Chang Gong: 1/5
[arxiv-author] Jiaming Tang: 2/10
[arxiv-author] Sachin Kumar: 7/40
[arxiv-author] Balaraman Ravindran: 3/40
[arxiv-author] Susan Athey: 6/6
[arxiv-author] Stefan Wager: 8/13
[arxiv-author] Foster Provost: 4/27
[arxiv-author] Brian Dalessandro: 6/35
[arxiv-author] Claudia Perlich: 0/1
[arxiv-author] Eva Anderl: 0/0
[arxiv-author] Kaifeng Zhao: 0/6
[arxiv-author] Elisenda Molina: 1/2
[arxiv-author] Victor Churchill: 3/40
[arxiv-author] Iason Filippou: 3/7
[arxiv-author] Ioannis Tsamardinos: 4/5
[arxiv-author] Peng Jiang: 24/40
[arxiv-author] Xiangyu Zhao: 10/40
[arxiv-author] Ezra Berger: 0/0
[arxiv-author] Jared Bauman: 0/0
[oa-topic] multi-touch attribution: 15/50
[oa-topic] data-driven attribution advertising: 29/50
[oa-topic] conversion attribution causal: 14/50
[oa-topic] incrementality measurement advertising: 25/50
[oa-topic] attribution calibration experiment advertising: 28/50
[oa-topic] Shapley attribution touchpoint: 39/50
[oa-topic] customer journey attribution neural: 24/50
[oa-topic] retention attribution in-app interactions: 21/50
[oa-topic] user retention reinforcement learning recommendation: 19/50
[oa-topic] long-term user engagement credit assignment recommender: 15/50
[oa-topic] notification incrementality retention: 14/50
[oa-topic] dating app recommendation retention: 24/50
[oa-topic] surrogate index long-term outcome retention: 16/50
[oa-topic] counterfactual removal effect user retention: 22/50
[arxiv-topic] all:"multi-touch attribution": 5/5
[arxiv-topic] all:"data-driven attribution": 2/2
[arxiv-topic] all:"conversion attribution": 5/5
[arxiv-topic] all:attribution AND all:incrementality: 59/60
[arxiv-topic] all:attribution AND all:advertising AND all:causal: 5/5
[arxiv-topic] all:"user retention" AND all:recommend: 10/10
[arxiv-topic] all:retention AND all:"reinforcement learning" AND all:recommend: 5/5
[arxiv-topic] all:"retention" AND all:"credit assignment": 10/10
[arxiv-topic] all:"long-term" AND all:engagement AND all:recommend: 59/59
[arxiv-topic] all:"dating" AND all:recommend: 56/60
[arxiv-topic] all:notification AND all:retention: 4/4
[arxiv-topic] all:"days active" OR all:"daily active" AND all:causal: 6/18
[arxiv-topic] all:"surrogate index": 4/4
done: 140 follow rows, 817 candidates
